---
source: src/parser/tests.rs
expression: "Parser::new(Source::TopLevel(\"(fn() x = 1 global x end)\")).parse_top_level().unwrap_err()[0]"

---

top-level:
[31m  1 | [0m(fn() x = 1 global x end)
[31m                         ^[0m

[1;31merror[0m : variable 'x' has already been used as a local variable
