---
source: src/parser/tests.rs
expression: "Parser::new(Source::TopLevel(\"if true then return 0 else return 1\")).parse_top_level().unwrap_err()[0]"

---

top-level:
[31m  1 | [0mif true then return 0 else return 1
[31m                                         ^[0m

[1;31merror[0m : expected 'end'
